---
source: etl-api/tests/destinations_pipelines.rs
expression: response.config
---
FullApiPipelineConfig {
    publication_name: "publication",
    batch: Some(
        BatchConfig {
            max_size: 1000,
            max_fill_ms: 5,
        },
    ),
    table_error_retry_delay_ms: Some(
        10000,
    ),
    max_table_sync_workers: Some(
        2,
    ),
}
