---
source: etl-api/tests/pipelines.rs
expression: response.config
---
FullApiPipelineConfig {
    publication_name: "updated_publication",
    batch: Some(
        ApiBatchConfig {
            max_size: Some(
                2000,
            ),
            max_fill_ms: Some(
                10,
            ),
        },
    ),
    table_error_retry_delay_ms: Some(
        20000,
    ),
    max_table_sync_workers: Some(
        4,
    ),
}
