---
source: etl-api/tests/integration/destination_test.rs
expression: response.config
---
BigQuery {
    project_id: "project-id",
    dataset_id: "dataset-id",
    service_account_key: SerializableSecretString(
        SecretBox<str>([REDACTED]),
    ),
    max_staleness_mins: None,
    max_concurrent_streams: None,
}
